[27/Sep/2026 09:34:31] "GET /gestione-finanziaria/proposte/stato/ HTTP/1.1" 200 84
[27/Sep/2026 09:34:44] "GET /famiglie/logica/s-1/ HTTP/1.1" 200 19050
[27/Sep/2026 09:34:44] "GET /static/css/style.css?v=306 HTTP/1.1" 304 0
[27/Sep/2026 09:34:44] "GET /static/js/core/family-address-choice.js HTTP/1.1" 304 0
[27/Sep/2026 09:35:01] "POST /famiglie/logica/s-1/ HTTP/1.1" 302 0
[27/Sep/2026 09:35:01] "GET /famiglie/logica/s-1/ HTTP/1.1" 200 19058
[27/Sep/2026 09:35:01] "GET /static/css/style.css?v=306 HTTP/1.1" 304 0
[27/Sep/2026 09:35:31] "GET /gestione-finanziaria/proposte/stato/ HTTP/1.1" 200 84
[27/Sep/2026 09:36:01] "GET /gestione-finanziaria/proposte/stato/ HTTP/1.1" 200 84
[27/Sep/2026 09:36:31] "GET /gestione-finanziaria/proposte/stato/ HTTP/1.1" 200 84
[27/Sep/2026 09:37:01] "GET /gestione-finanziaria/proposte/stato/ HTTP/1.1" 200 84
[27/Sep/2026 09:37:31] "GET /gestione-finanziaria/proposte/stato/ HTTP/1.1" 200 84
[27/Sep/2026 09:38:01] "GET /gestione-finanziaria/proposte/stato/ HTTP/1.1" 200 84
[27/Sep/2026 09:38:31] "GET /gestione-finanziaria/proposte/stato/ HTTP/1.1" 200 84
[27/Sep/2026 09:39:01] "GET /gestione-finanziaria/proposte/stato/ HTTP/1.1" 200 84
[27/Sep/2026 09:39:31] "GET /gestione-finanziaria/proposte/stato/ HTTP/1.1" 200 84
[27/Sep/2026 09:40:01] "GET /gestione-finanziaria/proposte/stato/ HTTP/1.1" 200 84
[27/Sep/2026 09:40:31] "GET /gestione-finanziaria/proposte/stato/ HTTP/1.1" 200 84
[27/Sep/2026 09:41:01] "GET /gestione-finanziaria/proposte/stato/ HTTP/1.1" 200 84
[27/Sep/2026 09:41:31] "GET /gestione-finanziaria/proposte/stato/ HTTP/1.1" 200 84
[27/Sep/2026 09:42:01] "GET /gestione-finanziaria/proposte/stato/ HTTP/1.1" 200 84
[27/Sep/2026 09:42:31] "GET /gestione-finanziaria/proposte/stato/ HTTP/1.1" 200 84
[27/Sep/2026 09:43:01] "GET /gestione-finanziaria/proposte/stato/ HTTP/1.1" 200 84
[27/Sep/2026 09:43:31] "GET /gestione-finanziaria/proposte/stato/ HTTP/1.1" 200 84
[27/Sep/2026 09:44:01] "GET /gestione-finanziaria/proposte/stato/ HTTP/1.1" 200 84
[27/Sep/2026 09:44:31] "GET /gestione-finanziaria/proposte/stato/ HTTP/1.1" 200 84
[27/Sep/2026 09:45:01] "GET /gestione-finanziaria/proposte/stato/ HTTP/1.1" 200 84
[27/Sep/2026 09:45:31] "GET /gestione-finanziaria/proposte/stato/ HTTP/1.1" 200 84
[27/Sep/2026 09:46:01] "GET /gestione-finanziaria/proposte/stato/ HTTP/1.1" 200 84
[27/Sep/2026 09:46:31] "GET /gestione-finanziaria/proposte/stato/ HTTP/1.1" 200 84
[27/Sep/2026 09:47:01] "GET /gestione-finanziaria/proposte/stato/ HTTP/1.1" 200 84
[27/Sep/2026 09:47:31] "GET /gestione-finanziaria/proposte/stato/ HTTP/1.1" 200 84
[27/Sep/2026 09:48:01] "GET /gestione-finanziaria/proposte/stato/ HTTP/1.1" 200 84
[27/Sep/2026 09:48:31] "GET /gestione-finanziaria/proposte/stato/ HTTP/1.1" 200 84
[27/Sep/2026 09:49:01] "GET /gestione-finanziaria/proposte/stato/ HTTP/1.1" 200 84
[27/Sep/2026 09:49:31] "GET /gestione-finanziaria/proposte/stato/ HTTP/1.1" 200 84
